---
source: crates/syntax/src/parser/tests.rs
expression: "(result, parser.errors)"
---
(
    Ok(
        Binary {
            op: BoolAnd,
            left: GetVar {
                name: "a",
            },
            right: GetVar {
                name: "b",
            },
        },
    ),
    [],
)
