---
source: crates/syntax/src/parser/tests.rs
expression: "(result, parser.errors)"
---
(
    Ok(
        Try {
            body: Block {
                items: [],
                last: Some(
                    GetVar {
                        name: "a",
                    },
                ),
            },
            catch: (
                "e",
                Block {
                    items: [
                        GetVar {
                            name: "e",
                        },
                    ],
                    last: None,
                },
            ),
        },
    ),
    [],
)
