---
source: crates/syntax/src/parser/tests.rs
expression: result
---
Ok(
    Cast(
        Cast {
            opt: false,
            target: Cast(
                Cast {
                    opt: false,
                    target: GetVar(
                        GetVar {
                            name: "a",
                        },
                    ),
                    ty: Path(
                        Path {
                            segments: [
                                Segment {
                                    ident: "A",
                                    generic_args: [],
                                },
                            ],
                        },
                    ),
                },
            ),
            ty: Path(
                Path {
                    segments: [
                        Segment {
                            ident: "B",
                            generic_args: [],
                        },
                    ],
                },
            ),
        },
    ),
)
