---
source: crates/syntax/src/parser/tests.rs
expression: result
---
Ok(
    Try {
        body: Block {
            items: [
                GetVar {
                    name: "a",
                },
            ],
            last: Some(
                GetVar {
                    name: "b",
                },
            ),
        },
        catch: (
            "e",
            Block {
                items: [
                    GetVar {
                        name: "e",
                    },
                ],
                last: None,
            },
        ),
    },
)
