---
source: crates/syntax/src/parser/tests.rs
expression: result
---
Ok(
    DoBlock(
        Block {
            items: [
                Int {
                    value: 10,
                },
            ],
            last: Some(
                Int {
                    value: 10,
                },
            ),
        },
    ),
)
