---
source: crates/syntax/src/parser/tests.rs
expression: "(result, parser.errors)"
---
(
    Ok(
        Array {
            item: Path {
                segments: [
                    Segment {
                        ident: "T",
                        generic_args: [],
                    },
                ],
            },
        },
    ),
    [],
)
