---
source: crates/syntax/src/parser/tests.rs
expression: result
---
Ok(
    Block(
        Block {
            items: [
                GetVar {
                    name: "a",
                },
                GetVar {
                    name: "b",
                },
            ],
            last: None,
        },
    ),
)
