---
source: crates/syntax/src/parser/tests.rs
expression: result
---
Ok(
    Range(
        Range {
            start: GetVar(
                GetVar {
                    name: "a",
                },
            ),
            end: GetVar(
                GetVar {
                    name: "b",
                },
            ),
        },
    ),
)
