---
source: crates/syntax/src/parser/tests.rs
expression: node.unwrap()
---
Fn {
    params: [],
    ret: Some(
        Path {
            segments: [
                Segment {
                    ident: "R",
                    generic_args: [],
                },
            ],
        },
    ),
}
