---
source: crates/syntax/src/parser/tests.rs
expression: result
---
Ok(
    Try(
        Try {
            body: Block {
                items: [],
                last: Some(
                    GetVar(
                        GetVar {
                            name: "a",
                        },
                    ),
                ),
            },
            catch: (
                "e",
                Block {
                    items: [
                        Expr(
                            GetVar(
                                GetVar {
                                    name: "e",
                                },
                            ),
                        ),
                    ],
                    last: None,
                },
            ),
        },
    ),
)
