---
source: crates/syntax/src/parser/tests.rs
expression: result
---
Ok(
    Fn(
        Fn {
            params: [
                Var(
                    Var {
                        name: "A",
                    },
                ),
                Var(
                    Var {
                        name: "B",
                    },
                ),
            ],
            ret: None,
        },
    ),
)
