---
source: crates/syntax/src/parser/tests.rs
expression: result
---
Ok(
    Try(
        Try {
            body: Block {
                items: [],
                last: Some(
                    Class(
                        Class {
                            target: Path {
                                segments: [
                                    Segment {
                                        ident: "T",
                                        generic_args: [],
                                    },
                                ],
                            },
                            fields: [
                                (
                                    "v",
                                    Try(
                                        Try {
                                            body: Block {
                                                items: [],
                                                last: Some(
                                                    Class(
                                                        Class {
                                                            target: Path {
                                                                segments: [
                                                                    Segment {
                                                                        ident: "T",
                                                                        generic_args: [],
                                                                    },
                                                                ],
                                                            },
                                                            fields: [],
                                                        },
                                                    ),
                                                ),
                                            },
                                            catch: (
                                                "e",
                                                Block {
                                                    items: [],
                                                    last: Some(
                                                        GetVar(
                                                            GetVar {
                                                                name: "e",
                                                            },
                                                        ),
                                                    ),
                                                },
                                            ),
                                        },
                                    ),
                                ),
                            ],
                        },
                    ),
                ),
            },
            catch: (
                "e",
                Block {
                    items: [],
                    last: Some(
                        GetVar(
                            GetVar {
                                name: "e",
                            },
                        ),
                    ),
                },
            ),
        },
    ),
)
