---
source: crates/syntax/src/parser/tests.rs
expression: result
---
Ok(
    If {
        branches: [
            (
                Bool {
                    value: true,
                },
                Block {
                    items: [],
                    last: Some(
                        GetVar {
                            name: "a",
                        },
                    ),
                },
            ),
            (
                Bool {
                    value: false,
                },
                Block {
                    items: [],
                    last: Some(
                        GetVar {
                            name: "a",
                        },
                    ),
                },
            ),
        ],
        else_: Some(
            Block {
                items: [],
                last: Some(
                    GetVar {
                        name: "a",
                    },
                ),
            },
        ),
    },
)
