---
source: crates/syntax/src/parser/tests.rs
expression: node.unwrap()
---
If {
    branches: [
        (
            Class {
                target: Path {
                    segments: [
                        Segment {
                            ident: "T",
                            generic_args: [],
                        },
                    ],
                },
                fields: [
                    (
                        "v",
                        If {
                            branches: [
                                (
                                    Class {
                                        target: Path {
                                            segments: [
                                                Segment {
                                                    ident: "T",
                                                    generic_args: [],
                                                },
                                            ],
                                        },
                                        fields: [],
                                    },
                                    Block {
                                        items: [],
                                        last: Some(
                                            Int {
                                                value: 0,
                                            },
                                        ),
                                    },
                                ),
                            ],
                            else_: Some(
                                Block {
                                    items: [],
                                    last: Some(
                                        Int {
                                            value: 1,
                                        },
                                    ),
                                },
                            ),
                        },
                    ),
                ],
            },
            Block {
                items: [],
                last: Some(
                    Int {
                        value: 0,
                    },
                ),
            },
        ),
    ],
    else_: Some(
        Block {
            items: [],
            last: Some(
                Int {
                    value: 1,
                },
            ),
        },
    ),
}
