---
source: crates/syntax/src/parser/tests.rs
expression: result
---
Ok(
    Call(
        Call {
            opt: false,
            target: Call(
                Call {
                    opt: false,
                    target: GetVar(
                        GetVar {
                            name: "a",
                        },
                    ),
                    args: [
                        GetVar(
                            GetVar {
                                name: "b",
                            },
                        ),
                    ],
                },
            ),
            args: [
                GetVar(
                    GetVar {
                        name: "c",
                    },
                ),
            ],
        },
    ),
)
