---
source: crates/syntax/src/parser/tests.rs
expression: node.unwrap()
---
Cast {
    opt: false,
    target: Call {
        opt: false,
        target: GetIndex {
            opt: false,
            target: GetField {
                opt: false,
                target: GetVar {
                    name: "a",
                },
                key: "b",
            },
            key: GetVar {
                name: "c",
            },
        },
        args: [
            GetVar {
                name: "d",
            },
        ],
    },
    ty: Path {
        segments: [
            Segment {
                ident: "E",
                generic_args: [],
            },
        ],
    },
}
