---
source: crates/syntax/src/parser/tests.rs
expression: result
---
Ok(
    Module {
        imports: [],
        symbols: Symbols {
            fns: {},
            classes: {},
            traits: {},
            aliases: {},
        },
        top_level: [
            While {
                cond: GetField {
                    opt: false,
                    target: GetVar {
                        name: "a",
                    },
                    key: "b",
                },
                body: Block {
                    items: [],
                    last: None,
                },
            },
        ],
    },
)
