---
source: crates/syntax/src/parser/tests.rs
expression: result
---
Ok(
    Literal(
        Tuple(
            Tuple {
                fields: [
                    Literal(
                        Int(
                            Int {
                                value: 0,
                            },
                        ),
                    ),
                ],
            },
        ),
    ),
)
