---
source: crates/syntax/src/parser/tests.rs
expression: module
---
Module {
    imports: [],
    symbols: Symbols {
        fns: {},
        classes: {},
        traits: {},
        aliases: {},
    },
    top_level: [
        LoopFor {
            item: "_",
            iter: RangeEx(
                Some(
                    Int {
                        value: 0,
                    },
                ),
                Some(
                    Int {
                        value: 10,
                    },
                ),
            ),
            body: Block {
                items: [],
                last: None,
            },
        },
    ],
}
