---
source: crates/syntax/src/parser/tests.rs
expression: module
---
Module {
    imports: [],
    symbols: Symbols {
        fns: {},
        classes: {},
        traits: {},
        aliases: {},
    },
    top_level: [
        LoopWhile {
            cond: GetField {
                opt: false,
                target: GetVar {
                    name: "a",
                },
                key: "b",
            },
            body: Block {
                items: [
                    Call {
                        opt: false,
                        target: GetVar {
                            name: "a",
                        },
                        args: [],
                    },
                ],
                last: Some(
                    Call {
                        opt: false,
                        target: GetField {
                            opt: false,
                            target: GetVar {
                                name: "b",
                            },
                            key: "d",
                        },
                        args: [],
                    },
                ),
            },
        },
    ],
}
