---
source: crates/syntax/src/parser/tests.rs
expression: result
---
Ok(
    Ctrl(
        Throw(
            Some(
                Literal(
                    Int(
                        Int {
                            value: 10,
                        },
                    ),
                ),
            ),
        ),
    ),
)
