---
source: crates/syntax/src/parser/tests.rs
expression: result
---
Ok(
    Do(
        Block {
            items: [],
            last: Some(
                Literal(
                    Int(
                        Int {
                            value: 10,
                        },
                    ),
                ),
            ),
        },
    ),
)
