---
source: crates/syntax/src/parser/tests.rs
expression: node.unwrap()
---
GetIndex {
    opt: true,
    target: GetIndex {
        opt: true,
        target: GetVar {
            name: "a",
        },
        key: GetVar {
            name: "b",
        },
    },
    key: GetVar {
        name: "c",
    },
}
