---
source: crates/syntax/src/parser/tests.rs
expression: result
---
Ok(
    Module {
        imports: [],
        symbols: Symbols {
            fns: {},
            classes: {},
            traits: {},
            aliases: {},
        },
        top_level: [
            Loop(
                Inf(
                    Inf {
                        body: Block {
                            items: [],
                            last: None,
                        },
                    },
                ),
            ),
        ],
    },
)
