---
source: crates/syntax/src/parser/tests.rs
expression: "(result, parser.errors)"
---
(
    Ok(
        Class {
            target: Path {
                segments: [
                    Segment {
                        ident: "Foo",
                        generic_args: [],
                    },
                    Segment {
                        ident: "Bar",
                        generic_args: [],
                    },
                ],
            },
            fields: [],
        },
    ),
    [],
)
