---
source: crates/syntax/src/parser/tests.rs
expression: result
---
Ok(
    Tuple(
        Tuple {
            items: [
                Path(
                    Path {
                        segments: [
                            Segment {
                                ident: "A",
                                generic_args: [],
                            },
                        ],
                    },
                ),
            ],
        },
    ),
)
