---
source: crates/syntax/src/parser/tests.rs
expression: node.unwrap()
---
Fn {
    params: [
        Path {
            segments: [
                Segment {
                    ident: "A",
                    generic_args: [],
                },
            ],
        },
        Path {
            segments: [
                Segment {
                    ident: "B",
                    generic_args: [],
                },
            ],
        },
    ],
    ret: Some(
        Path {
            segments: [
                Segment {
                    ident: "R",
                    generic_args: [],
                },
            ],
        },
    ),
}
