---
source: crates/syntax/src/parser/tests.rs
expression: result
---
Ok(
    Cast {
        opt: true,
        target: Call {
            opt: true,
            target: GetIndex {
                opt: true,
                target: GetField {
                    opt: true,
                    target: GetVar {
                        name: "a",
                    },
                    key: "b",
                },
                key: GetVar {
                    name: "c",
                },
            },
            args: [
                GetVar {
                    name: "d",
                },
            ],
        },
        ty: Path {
            segments: [
                Segment {
                    ident: "E",
                    generic_args: [],
                },
            ],
        },
    },
)
