---
source: crates/syntax/src/parser/tests.rs
expression: "(result, parser.errors)"
---
(
    Ok(
        Cast {
            opt: false,
            target: Cast {
                opt: false,
                target: GetVar {
                    name: "a",
                },
                ty: Path {
                    segments: [
                        Segment {
                            ident: "A",
                            generic_args: [],
                        },
                    ],
                },
            },
            ty: Path {
                segments: [
                    Segment {
                        ident: "B",
                        generic_args: [],
                    },
                ],
            },
        },
    ),
    [],
)
