---
source: crates/syntax/src/parser/tests.rs
expression: "(result, parser.errors)"
---
(
    Ok(
        Path {
            segments: [
                Segment {
                    ident: "T",
                    generic_args: [],
                },
                Segment {
                    ident: "A",
                    generic_args: [],
                },
            ],
        },
    ),
    [],
)
