---
source: crates/syntax/src/parser/tests.rs
expression: "(result, parser.errors)"
---
(
    Ok(
        Unary {
            op: Negate,
            inner: Unary {
                op: Invert,
                inner: GetVar {
                    name: "a",
                },
            },
        },
    ),
    [],
)
