---
source: crates/syntax/src/parser/tests.rs
expression: result
---
Ok(
    Lambda(
        Lambda {
            params: [],
            body: Block {
                items: [
                    Expr(
                        GetVar(
                            GetVar {
                                name: "a",
                            },
                        ),
                    ),
                ],
                last: Some(
                    GetVar(
                        GetVar {
                            name: "b",
                        },
                    ),
                ),
            },
        },
    ),
)
