---
source: crates/syntax/src/parser/tests.rs
expression: node.unwrap()
---
RangeEx(
    Some(
        Binary {
            op: Add,
            left: GetVar {
                name: "a",
            },
            right: GetVar {
                name: "b",
            },
        },
    ),
    Some(
        Binary {
            op: Add,
            left: GetVar {
                name: "c",
            },
            right: GetVar {
                name: "d",
            },
        },
    ),
)
