---
source: crates/syntax/src/parser/tests.rs
expression: module
---
Module {
    imports: [],
    symbols: Symbols {
        fns: {},
        classes: {},
        traits: {},
        aliases: {},
    },
    top_level: [
        Let {
            name: "v",
            ty: None,
            value: GetIndex {
                opt: false,
                target: GetVar {
                    name: "v",
                },
                key: RangeEx(
                    Some(
                        Int {
                            value: 0,
                        },
                    ),
                    Some(
                        Int {
                            value: 512,
                        },
                    ),
                ),
            },
        },
    ],
}
