---
source: crates/syntax/src/parser/tests.rs
expression: result
---
Ok(
    If {
        branches: [
            (
                Bool {
                    value: true,
                },
                Block {
                    items: [
                        GetVar {
                            name: "a",
                        },
                        GetVar {
                            name: "b",
                        },
                    ],
                    last: None,
                },
            ),
            (
                Bool {
                    value: false,
                },
                Block {
                    items: [
                        GetVar {
                            name: "a",
                        },
                        GetVar {
                            name: "b",
                        },
                    ],
                    last: None,
                },
            ),
        ],
        else_: Some(
            Block {
                items: [
                    GetVar {
                        name: "a",
                    },
                    GetVar {
                        name: "b",
                    },
                ],
                last: None,
            },
        ),
    },
)
