---
source: crates/syntax/src/parser/tests.rs
expression: "(result, parser.errors)"
---
(
    Ok(
        If {
            branches: [
                (
                    Call {
                        opt: false,
                        target: GetIndex {
                            opt: false,
                            target: GetField {
                                opt: false,
                                target: GetVar {
                                    name: "a",
                                },
                                key: "b",
                            },
                            key: GetVar {
                                name: "c",
                            },
                        },
                        args: [
                            GetVar {
                                name: "d",
                            },
                        ],
                    },
                    Block {
                        items: [],
                        last: Some(
                            Int {
                                value: 0,
                            },
                        ),
                    },
                ),
            ],
            else_: Some(
                Block {
                    items: [],
                    last: Some(
                        Int {
                            value: 1,
                        },
                    ),
                },
            ),
        },
    ),
    [],
)
