---
source: crates/syntax/src/parser/tests.rs
expression: result
---
Ok(
    If(
        If {
            branches: [
                (
                    Call(
                        Call {
                            opt: false,
                            target: GetIndex(
                                GetIndex {
                                    opt: false,
                                    target: GetField(
                                        GetField {
                                            opt: false,
                                            target: GetVar(
                                                GetVar {
                                                    name: "a",
                                                },
                                            ),
                                            key: "b",
                                        },
                                    ),
                                    key: GetVar(
                                        GetVar {
                                            name: "c",
                                        },
                                    ),
                                },
                            ),
                            args: [
                                GetVar(
                                    GetVar {
                                        name: "d",
                                    },
                                ),
                            ],
                        },
                    ),
                    Block {
                        items: [],
                        last: Some(
                            Literal(
                                Int(
                                    Int {
                                        value: 0,
                                    },
                                ),
                            ),
                        ),
                    },
                ),
            ],
            else_: Some(
                Block {
                    items: [],
                    last: Some(
                        Literal(
                            Int(
                                Int {
                                    value: 1,
                                },
                            ),
                        ),
                    ),
                },
            ),
        },
    ),
)
