---
source: crates/syntax/src/parser/tests.rs
expression: "(result, parser.errors)"
---
(
    Ok(
        SpawnCall(
            Call {
                opt: false,
                target: GetVar {
                    name: "f",
                },
                args: [
                    GetVar {
                        name: "a",
                    },
                    GetVar {
                        name: "b",
                    },
                    GetVar {
                        name: "c",
                    },
                ],
            },
        ),
    ),
    [],
)
