---
source: crates/syntax/src/parser/tests.rs
expression: node.unwrap()
---
Call {
    opt: true,
    target: Call {
        opt: true,
        target: GetVar {
            name: "a",
        },
        args: [
            GetVar {
                name: "b",
            },
        ],
    },
    args: [
        GetVar {
            name: "c",
        },
    ],
}
