---
source: crates/syntax/src/parser/tests.rs
expression: "(result, parser.errors)"
---
(
    Ok(
        SpawnBlock(
            Block {
                items: [
                    GetVar {
                        name: "a",
                    },
                ],
                last: Some(
                    GetVar {
                        name: "b",
                    },
                ),
            },
        ),
    ),
    [],
)
