---
source: crates/syntax/src/parser/tests.rs
expression: node.unwrap()
---
Try {
    body: Block {
        items: [
            GetVar {
                name: "a",
            },
        ],
        last: Some(
            GetVar {
                name: "b",
            },
        ),
    },
    catch: (
        "e",
        Block {
            items: [
                GetVar {
                    name: "e",
                },
            ],
            last: None,
        },
    ),
}
