---
source: crates/syntax/src/parser/tests.rs
expression: node.unwrap()
---
Cast {
    opt: true,
    target: Cast {
        opt: true,
        target: GetVar {
            name: "a",
        },
        ty: Path {
            segments: [
                Segment {
                    ident: "A",
                    generic_args: [],
                },
            ],
        },
    },
    ty: Path {
        segments: [
            Segment {
                ident: "B",
                generic_args: [],
            },
        ],
    },
}
