---
source: crates/syntax/src/parser/tests.rs
expression: result
---
Ok(
    Range {
        start: Binary {
            op: Add,
            left: GetVar {
                name: "a",
            },
            right: GetVar {
                name: "b",
            },
        },
        end: Binary {
            op: Add,
            left: GetVar {
                name: "c",
            },
            right: GetVar {
                name: "d",
            },
        },
    },
)
