---
source: crates/syntax/src/parser/tests.rs
expression: result
---
Ok(
    Module {
        imports: [],
        symbols: Symbols {
            fns: {},
            classes: {},
            traits: {},
            aliases: {},
        },
        top_level: [
            Let(
                Let {
                    name: "v",
                    ty: None,
                    value: GetIndex(
                        GetIndex {
                            opt: false,
                            target: GetVar(
                                GetVar {
                                    name: "v",
                                },
                            ),
                            key: Range(
                                Range {
                                    start: Literal(
                                        Int(
                                            Int {
                                                value: 0,
                                            },
                                        ),
                                    ),
                                    end: Literal(
                                        Int(
                                            Int {
                                                value: 512,
                                            },
                                        ),
                                    ),
                                },
                            ),
                        },
                    ),
                },
            ),
        ],
    },
)
