---
source: crates/syntax/src/parser/tests.rs
expression: "(result, parser.errors)"
---
(
    Ok(
        SetVar {
            name: "a",
            value: SetVar {
                name: "b",
                value: GetVar {
                    name: "c",
                },
                op: None,
            },
            op: None,
        },
    ),
    [],
)
