---
source: crates/syntax/src/parser/tests.rs
expression: node.unwrap()
---
Class {
    target: Path {
        segments: [
            Segment {
                ident: "Foo",
                generic_args: [],
            },
            Segment {
                ident: "Bar",
                generic_args: [],
            },
        ],
    },
    fields: [],
}
