---
source: crates/syntax/src/parser/tests.rs
expression: result
---
Ok(
    Try {
        body: Block {
            items: [
                GetVar {
                    name: "a",
                },
            ],
            last: None,
        },
        catch: (
            "e",
            Block {
                items: [],
                last: Some(
                    GetVar {
                        name: "e",
                    },
                ),
            },
        ),
    },
)
