---
source: crates/syntax/src/parser/tests.rs
expression: node.unwrap()
---
Binary {
    op: Add,
    left: Binary {
        op: Subtract,
        left: GetVar {
            name: "a",
        },
        right: GetVar {
            name: "b",
        },
    },
    right: GetVar {
        name: "c",
    },
}
