---
source: crates/syntax/src/parser/tests.rs
expression: result
---
Ok(
    Fn(
        Fn {
            params: [],
            ret: Some(
                Var(
                    Var {
                        name: "R",
                    },
                ),
            ),
        },
    ),
)
