---
source: crates/syntax/src/parser/tests.rs
expression: result
---
(
    Module {
        imports: [],
        symbols: Symbols {
            fns: {},
            classes: {},
            traits: {},
            aliases: {},
        },
        top_level: [
            Let {
                name: "v",
                ty: None,
                value: List(
                    [
                        GetVar {
                            name: "v",
                        },
                        GetVar {
                            name: "v",
                        },
                        GetVar {
                            name: "v",
                        },
                        GetVar {
                            name: "v",
                        },
                    ],
                ),
            },
        ],
    },
    [],
)
