---
source: crates/syntax/src/parser/tests.rs
expression: "(result, parser.errors)"
---
(
    Ok(
        GetField {
            opt: false,
            target: GetField {
                opt: false,
                target: GetVar {
                    name: "a",
                },
                key: "b",
            },
            key: "c",
        },
    ),
    [],
)
