---
source: crates/syntax/src/parser/tests.rs
expression: module
---
Module {
    imports: [],
    symbols: Symbols {
        fns: {},
        classes: {},
        traits: {},
        aliases: {},
    },
    top_level: [
        Let {
            name: "v",
            ty: None,
            value: Int {
                value: 0,
            },
        },
    ],
}
