---
source: crates/syntax/src/parser/tests.rs
expression: "(result, parser.errors)"
---
(
    Ok(
        Tuple {
            fields: [
                Int {
                    value: 0,
                },
                Int {
                    value: 1,
                },
                Int {
                    value: 2,
                },
            ],
        },
    ),
    [],
)
