---
source: crates/syntax/src/parser/tests.rs
expression: result
---
Ok(
    Lambda {
        params: [],
        body: Block {
            items: [
                GetVar {
                    name: "a",
                },
                GetVar {
                    name: "b",
                },
            ],
            last: None,
        },
    },
)
