---
source: crates/syntax/src/parser/tests.rs
expression: "(result, parser.errors)"
---
(
    Ok(
        Cast {
            opt: true,
            target: GetVar {
                name: "a",
            },
            ty: Path {
                segments: [
                    Segment {
                        ident: "A",
                        generic_args: [],
                    },
                ],
            },
        },
    ),
    [],
)
