---
source: crates/syntax/src/parser/tests.rs
expression: "(result, parser.errors)"
---
(
    Ok(
        Binary {
            op: Remainder,
            left: Binary {
                op: Divide,
                left: Binary {
                    op: Multiply,
                    left: GetVar {
                        name: "a",
                    },
                    right: GetVar {
                        name: "b",
                    },
                },
                right: GetVar {
                    name: "c",
                },
            },
            right: GetVar {
                name: "d",
            },
        },
    ),
    [],
)
