---
source: crates/syntax/src/parser/tests.rs
expression: node.unwrap()
---
Tuple {
    items: [
        Path {
            segments: [
                Segment {
                    ident: "A",
                    generic_args: [],
                },
            ],
        },
        Path {
            segments: [
                Segment {
                    ident: "B",
                    generic_args: [],
                },
            ],
        },
        Path {
            segments: [
                Segment {
                    ident: "C",
                    generic_args: [],
                },
            ],
        },
    ],
}
