---
source: crates/syntax/src/parser/tests.rs
expression: node.unwrap()
---
If {
    branches: [
        (
            Bool {
                value: true,
            },
            Block {
                items: [
                    GetVar {
                        name: "a",
                    },
                ],
                last: Some(
                    GetVar {
                        name: "b",
                    },
                ),
            },
        ),
        (
            Bool {
                value: false,
            },
            Block {
                items: [
                    GetVar {
                        name: "a",
                    },
                ],
                last: Some(
                    GetVar {
                        name: "b",
                    },
                ),
            },
        ),
    ],
    else_: Some(
        Block {
            items: [
                GetVar {
                    name: "a",
                },
            ],
            last: Some(
                GetVar {
                    name: "b",
                },
            ),
        },
    ),
}
