---
source: crates/syntax/src/parser/tests.rs
expression: result
---
Ok(
    Spawn(
        Block(
            Block {
                items: [
                    Expr(
                        GetVar(
                            GetVar {
                                name: "a",
                            },
                        ),
                    ),
                ],
                last: None,
            },
        ),
    ),
)
