---
source: crates/syntax/src/parser/tests.rs
expression: result
---
Ok(
    Do(
        Block {
            items: [
                Expr(
                    Literal(
                        Int(
                            Int {
                                value: 10,
                            },
                        ),
                    ),
                ),
                Expr(
                    Literal(
                        Int(
                            Int {
                                value: 10,
                            },
                        ),
                    ),
                ),
            ],
            last: None,
        },
    ),
)
