---
source: crates/syntax/src/parser/tests.rs
expression: result
---
Ok(
    Tuple {
        items: [
            Path {
                segments: [
                    Segment {
                        ident: "A",
                        generic_args: [],
                    },
                ],
            },
            Path {
                segments: [
                    Segment {
                        ident: "B",
                        generic_args: [],
                    },
                ],
            },
        ],
    },
)
