---
source: crates/syntax/src/parser/tests.rs
expression: result
---
Ok(
    Class(
        Class {
            target: Path {
                segments: [
                    Segment {
                        ident: "Foo",
                        generic_args: [],
                    },
                ],
            },
            fields: [
                (
                    "a",
                    Literal(
                        Int(
                            Int {
                                value: 0,
                            },
                        ),
                    ),
                ),
                (
                    "b",
                    Literal(
                        Int(
                            Int {
                                value: 1,
                            },
                        ),
                    ),
                ),
            ],
        },
    ),
)
